Analysis & Synthesis report for Mips32
Mon Jan 18 06:27:34 2021
Quartus II 64-Bit Version 13.1.0 Build 162 10/23/2013 SJ Web Edition


---------------------
; Table of Contents ;
---------------------
  1. Legal Notice
  2. Analysis & Synthesis Summary
  3. Analysis & Synthesis Settings
  4. Parallel Compilation
  5. Analysis & Synthesis Source Files Read
  6. Analysis & Synthesis Resource Usage Summary
  7. Analysis & Synthesis Resource Utilization by Entity
  8. General Register Statistics
  9. Port Connectivity Checks: "adder_subtractor_32bit:A1"
 10. Port Connectivity Checks: "adder_subtractor_32bit:A0"
 11. Port Connectivity Checks: "mux_4to1_2bit:M6"
 12. Port Connectivity Checks: "alu_32bit:ALU"
 13. Port Connectivity Checks: "mux_2to1_5bit:M7"
 14. Elapsed Time Per Partition
 15. Analysis & Synthesis Messages



----------------
; Legal Notice ;
----------------
Copyright (C) 1991-2013 Altera Corporation
Your use of Altera Corporation's design tools, logic functions 
and other software and tools, and its AMPP partner logic 
functions, and any output files from any of the foregoing 
(including device programming or simulation files), and any 
associated documentation or information are expressly subject 
to the terms and conditions of the Altera Program License 
Subscription Agreement, Altera MegaCore Function License 
Agreement, or other applicable license agreement, including, 
without limitation, that your use is for the sole purpose of 
programming logic devices manufactured by Altera and sold by 
Altera or its authorized distributors.  Please refer to the 
applicable agreement for further details.



+---------------------------------------------------------------------------------+
; Analysis & Synthesis Summary                                                    ;
+------------------------------------+--------------------------------------------+
; Analysis & Synthesis Status        ; Successful - Mon Jan 18 06:27:34 2021      ;
; Quartus II 64-Bit Version          ; 13.1.0 Build 162 10/23/2013 SJ Web Edition ;
; Revision Name                      ; Mips32                                     ;
; Top-level Entity Name              ; Mips32                                     ;
; Family                             ; Cyclone III                                ;
; Total logic elements               ; 0                                          ;
;     Total combinational functions  ; 0                                          ;
;     Dedicated logic registers      ; 0                                          ;
; Total registers                    ; 0                                          ;
; Total pins                         ; 1                                          ;
; Total virtual pins                 ; 0                                          ;
; Total memory bits                  ; 0                                          ;
; Embedded Multiplier 9-bit elements ; 0                                          ;
; Total PLLs                         ; 0                                          ;
+------------------------------------+--------------------------------------------+


+----------------------------------------------------------------------------------------------------------------------+
; Analysis & Synthesis Settings                                                                                        ;
+----------------------------------------------------------------------------+--------------------+--------------------+
; Option                                                                     ; Setting            ; Default Value      ;
+----------------------------------------------------------------------------+--------------------+--------------------+
; Top-level entity name                                                      ; Mips32             ; Mips32             ;
; Family name                                                                ; Cyclone III        ; Cyclone IV GX      ;
; Use smart compilation                                                      ; Off                ; Off                ;
; Enable parallel Assembler and TimeQuest Timing Analyzer during compilation ; On                 ; On                 ;
; Enable compact report table                                                ; Off                ; Off                ;
; Restructure Multiplexers                                                   ; Auto               ; Auto               ;
; Create Debugging Nodes for IP Cores                                        ; Off                ; Off                ;
; Preserve fewer node names                                                  ; On                 ; On                 ;
; Disable OpenCore Plus hardware evaluation                                  ; Off                ; Off                ;
; Verilog Version                                                            ; Verilog_2001       ; Verilog_2001       ;
; VHDL Version                                                               ; VHDL_1993          ; VHDL_1993          ;
; State Machine Processing                                                   ; Auto               ; Auto               ;
; Safe State Machine                                                         ; Off                ; Off                ;
; Extract Verilog State Machines                                             ; On                 ; On                 ;
; Extract VHDL State Machines                                                ; On                 ; On                 ;
; Ignore Verilog initial constructs                                          ; Off                ; Off                ;
; Iteration limit for constant Verilog loops                                 ; 5000               ; 5000               ;
; Iteration limit for non-constant Verilog loops                             ; 250                ; 250                ;
; Add Pass-Through Logic to Inferred RAMs                                    ; On                 ; On                 ;
; Infer RAMs from Raw Logic                                                  ; On                 ; On                 ;
; Parallel Synthesis                                                         ; On                 ; On                 ;
; DSP Block Balancing                                                        ; Auto               ; Auto               ;
; NOT Gate Push-Back                                                         ; On                 ; On                 ;
; Power-Up Don't Care                                                        ; On                 ; On                 ;
; Remove Redundant Logic Cells                                               ; Off                ; Off                ;
; Remove Duplicate Registers                                                 ; On                 ; On                 ;
; Ignore CARRY Buffers                                                       ; Off                ; Off                ;
; Ignore CASCADE Buffers                                                     ; Off                ; Off                ;
; Ignore GLOBAL Buffers                                                      ; Off                ; Off                ;
; Ignore ROW GLOBAL Buffers                                                  ; Off                ; Off                ;
; Ignore LCELL Buffers                                                       ; Off                ; Off                ;
; Ignore SOFT Buffers                                                        ; On                 ; On                 ;
; Limit AHDL Integers to 32 Bits                                             ; Off                ; Off                ;
; Optimization Technique                                                     ; Balanced           ; Balanced           ;
; Carry Chain Length                                                         ; 70                 ; 70                 ;
; Auto Carry Chains                                                          ; On                 ; On                 ;
; Auto Open-Drain Pins                                                       ; On                 ; On                 ;
; Perform WYSIWYG Primitive Resynthesis                                      ; Off                ; Off                ;
; Auto ROM Replacement                                                       ; On                 ; On                 ;
; Auto RAM Replacement                                                       ; On                 ; On                 ;
; Auto DSP Block Replacement                                                 ; On                 ; On                 ;
; Auto Shift Register Replacement                                            ; Auto               ; Auto               ;
; Allow Shift Register Merging across Hierarchies                            ; Auto               ; Auto               ;
; Auto Clock Enable Replacement                                              ; On                 ; On                 ;
; Strict RAM Replacement                                                     ; Off                ; Off                ;
; Allow Synchronous Control Signals                                          ; On                 ; On                 ;
; Force Use of Synchronous Clear Signals                                     ; Off                ; Off                ;
; Auto RAM Block Balancing                                                   ; On                 ; On                 ;
; Auto RAM to Logic Cell Conversion                                          ; Off                ; Off                ;
; Auto Resource Sharing                                                      ; Off                ; Off                ;
; Allow Any RAM Size For Recognition                                         ; Off                ; Off                ;
; Allow Any ROM Size For Recognition                                         ; Off                ; Off                ;
; Allow Any Shift Register Size For Recognition                              ; Off                ; Off                ;
; Use LogicLock Constraints during Resource Balancing                        ; On                 ; On                 ;
; Ignore translate_off and synthesis_off directives                          ; Off                ; Off                ;
; Timing-Driven Synthesis                                                    ; On                 ; On                 ;
; Report Parameter Settings                                                  ; On                 ; On                 ;
; Report Source Assignments                                                  ; On                 ; On                 ;
; Report Connectivity Checks                                                 ; On                 ; On                 ;
; Ignore Maximum Fan-Out Assignments                                         ; Off                ; Off                ;
; Synchronization Register Chain Length                                      ; 2                  ; 2                  ;
; PowerPlay Power Optimization                                               ; Normal compilation ; Normal compilation ;
; HDL message level                                                          ; Level2             ; Level2             ;
; Suppress Register Optimization Related Messages                            ; Off                ; Off                ;
; Number of Removed Registers Reported in Synthesis Report                   ; 5000               ; 5000               ;
; Number of Swept Nodes Reported in Synthesis Report                         ; 5000               ; 5000               ;
; Number of Inverted Registers Reported in Synthesis Report                  ; 100                ; 100                ;
; Clock MUX Protection                                                       ; On                 ; On                 ;
; Auto Gated Clock Conversion                                                ; Off                ; Off                ;
; Block Design Naming                                                        ; Auto               ; Auto               ;
; SDC constraint protection                                                  ; Off                ; Off                ;
; Synthesis Effort                                                           ; Auto               ; Auto               ;
; Shift Register Replacement - Allow Asynchronous Clear Signal               ; On                 ; On                 ;
; Pre-Mapping Resynthesis Optimization                                       ; Off                ; Off                ;
; Analysis & Synthesis Message Level                                         ; Medium             ; Medium             ;
; Disable Register Merging Across Hierarchies                                ; Auto               ; Auto               ;
; Resource Aware Inference For Block RAM                                     ; On                 ; On                 ;
; Synthesis Seed                                                             ; 1                  ; 1                  ;
+----------------------------------------------------------------------------+--------------------+--------------------+


+------------------------------------------+
; Parallel Compilation                     ;
+----------------------------+-------------+
; Processors                 ; Number      ;
+----------------------------+-------------+
; Number detected on machine ; 16          ;
; Maximum allowed            ; 16          ;
;                            ;             ;
; Average used               ; 1.00        ;
; Maximum used               ; 1           ;
;                            ;             ;
; Usage by Processor         ; % Time Used ;
;     Processor 1            ; 100.0%      ;
;     Processors 2-16        ;   0.0%      ;
+----------------------------+-------------+


+----------------------------------------------------------------------------------------------------------------------------------------------------+
; Analysis & Synthesis Source Files Read                                                                                                             ;
+----------------------------------+-----------------+------------------------+------------------------------------------------------------+---------+
; File Name with User-Entered Path ; Used in Netlist ; File Type              ; File Name with Absolute Path                               ; Library ;
+----------------------------------+-----------------+------------------------+------------------------------------------------------------+---------+
; mux_2to1.v                       ; yes             ; User Verilog HDL File  ; C:/Users/nevza/Desktop/workspace/mux_2to1.v                ;         ;
; mux_4to1.v                       ; yes             ; User Verilog HDL File  ; C:/Users/nevza/Desktop/workspace/mux_4to1.v                ;         ;
; mux_4to1_2bit.v                  ; yes             ; User Verilog HDL File  ; C:/Users/nevza/Desktop/workspace/mux_4to1_2bit.v           ;         ;
; mux_2to1_32bit.v                 ; yes             ; User Verilog HDL File  ; C:/Users/nevza/Desktop/workspace/mux_2to1_32bit.v          ;         ;
; zero_extender_30bit.v            ; yes             ; User Verilog HDL File  ; C:/Users/nevza/Desktop/workspace/zero_extender_30bit.v     ;         ;
; registers.v                      ; yes             ; User Verilog HDL File  ; C:/Users/nevza/Desktop/workspace/registers.v               ;         ;
; sign_extender_16bit.v            ; yes             ; User Verilog HDL File  ; C:/Users/nevza/Desktop/workspace/sign_extender_16bit.v     ;         ;
; zero_extender_16bit.v            ; yes             ; User Verilog HDL File  ; C:/Users/nevza/Desktop/workspace/zero_extender_16bit.v     ;         ;
; full_adder_1bit.v                ; yes             ; User Verilog HDL File  ; C:/Users/nevza/Desktop/workspace/full_adder_1bit.v         ;         ;
; adder_subtractor_32bit.v         ; yes             ; User Verilog HDL File  ; C:/Users/nevza/Desktop/workspace/adder_subtractor_32bit.v  ;         ;
; compare_with_zero_32bit.v        ; yes             ; User Verilog HDL File  ; C:/Users/nevza/Desktop/workspace/compare_with_zero_32bit.v ;         ;
; alu_1bit.v                       ; yes             ; User Verilog HDL File  ; C:/Users/nevza/Desktop/workspace/alu_1bit.v                ;         ;
; alu_32bit.v                      ; yes             ; User Verilog HDL File  ; C:/Users/nevza/Desktop/workspace/alu_32bit.v               ;         ;
; mux_2to1_5bit.v                  ; yes             ; User Verilog HDL File  ; C:/Users/nevza/Desktop/workspace/mux_2to1_5bit.v           ;         ;
; alu_control.v                    ; yes             ; User Verilog HDL File  ; C:/Users/nevza/Desktop/workspace/alu_control.v             ;         ;
; data_memory_256KB.v              ; yes             ; User Verilog HDL File  ; C:/Users/nevza/Desktop/workspace/data_memory_256KB.v       ;         ;
; instruction_memory.v             ; yes             ; User Verilog HDL File  ; C:/Users/nevza/Desktop/workspace/instruction_memory.v      ;         ;
; Mips32.v                         ; yes             ; User Verilog HDL File  ; C:/Users/nevza/Desktop/workspace/Mips32.v                  ;         ;
; zero_end_extender_16bit.v        ; yes             ; User Verilog HDL File  ; C:/Users/nevza/Desktop/workspace/zero_end_extender_16bit.v ;         ;
; shift32bit_left_2bit.v           ; yes             ; User Verilog HDL File  ; C:/Users/nevza/Desktop/workspace/shift32bit_left_2bit.v    ;         ;
; j_jal_mux_input.v                ; yes             ; User Verilog HDL File  ; C:/Users/nevza/Desktop/workspace/j_jal_mux_input.v         ;         ;
; control_unit.v                   ; yes             ; User Verilog HDL File  ; C:/Users/nevza/Desktop/workspace/control_unit.v            ;         ;
; program_counter.v                ; yes             ; User Verilog HDL File  ; C:/Users/nevza/Desktop/workspace/program_counter.v         ;         ;
+----------------------------------+-----------------+------------------------+------------------------------------------------------------+---------+


+-----------------------------------------------------+
; Analysis & Synthesis Resource Usage Summary         ;
+---------------------------------------------+-------+
; Resource                                    ; Usage ;
+---------------------------------------------+-------+
;                                             ;       ;
; Total combinational functions               ; 0     ;
; Logic element usage by number of LUT inputs ;       ;
;     -- 4 input functions                    ; 0     ;
;     -- 3 input functions                    ; 0     ;
;     -- <=2 input functions                  ; 0     ;
;                                             ;       ;
; Logic elements by mode                      ;       ;
;     -- normal mode                          ; 0     ;
;     -- arithmetic mode                      ; 0     ;
;                                             ;       ;
; Total registers                             ; 0     ;
;     -- Dedicated logic registers            ; 0     ;
;     -- I/O registers                        ; 0     ;
;                                             ;       ;
; I/O pins                                    ; 1     ;
; Embedded Multiplier 9-bit elements          ; 0     ;
; Maximum fan-out node                        ; clk   ;
; Maximum fan-out                             ; 1     ;
; Total fan-out                               ; 1     ;
; Average fan-out                             ; 0.50  ;
+---------------------------------------------+-------+


+-----------------------------------------------------------------------------------------------------------------------------------------------------------------------------+
; Analysis & Synthesis Resource Utilization by Entity                                                                                                                         ;
+----------------------------+-------------------+--------------+-------------+--------------+---------+-----------+------+--------------+---------------------+--------------+
; Compilation Hierarchy Node ; LC Combinationals ; LC Registers ; Memory Bits ; DSP Elements ; DSP 9x9 ; DSP 18x18 ; Pins ; Virtual Pins ; Full Hierarchy Name ; Library Name ;
+----------------------------+-------------------+--------------+-------------+--------------+---------+-----------+------+--------------+---------------------+--------------+
; |Mips32                    ; 0 (0)             ; 0 (0)        ; 0           ; 0            ; 0       ; 0         ; 1    ; 0            ; |Mips32             ; work         ;
+----------------------------+-------------------+--------------+-------------+--------------+---------+-----------+------+--------------+---------------------+--------------+
Note: For table entries with two numbers listed, the numbers in parentheses indicate the number of resources of the given type used by the specific entity alone. The numbers listed outside of parentheses indicate the total resources of the given type used by the specific entity and all of its sub-entities in the hierarchy.


+------------------------------------------------------+
; General Register Statistics                          ;
+----------------------------------------------+-------+
; Statistic                                    ; Value ;
+----------------------------------------------+-------+
; Total registers                              ; 0     ;
; Number of registers using Synchronous Clear  ; 0     ;
; Number of registers using Synchronous Load   ; 0     ;
; Number of registers using Asynchronous Clear ; 0     ;
; Number of registers using Asynchronous Load  ; 0     ;
; Number of registers using Clock Enable       ; 0     ;
; Number of registers using Preset             ; 0     ;
+----------------------------------------------+-------+


+-----------------------------------------------------------------------------------------------------------------------+
; Port Connectivity Checks: "adder_subtractor_32bit:A1"                                                                 ;
+-------------+--------+----------+-------------------------------------------------------------------------------------+
; Port        ; Type   ; Severity ; Details                                                                             ;
+-------------+--------+----------+-------------------------------------------------------------------------------------+
; carry_out   ; Output ; Info     ; Connected to dangling logic. Logic that only feeds a dangling port will be removed. ;
; subt_signal ; Input  ; Info     ; Stuck at GND                                                                        ;
+-------------+--------+----------+-------------------------------------------------------------------------------------+


+-----------------------------------------------------------------------------------------------------------------------+
; Port Connectivity Checks: "adder_subtractor_32bit:A0"                                                                 ;
+-------------+--------+----------+-------------------------------------------------------------------------------------+
; Port        ; Type   ; Severity ; Details                                                                             ;
+-------------+--------+----------+-------------------------------------------------------------------------------------+
; carry_out   ; Output ; Info     ; Connected to dangling logic. Logic that only feeds a dangling port will be removed. ;
; subt_signal ; Input  ; Info     ; Stuck at GND                                                                        ;
; B[31..3]    ; Input  ; Info     ; Stuck at GND                                                                        ;
; B[1..0]     ; Input  ; Info     ; Stuck at GND                                                                        ;
; B[2]        ; Input  ; Info     ; Stuck at VCC                                                                        ;
+-------------+--------+----------+-------------------------------------------------------------------------------------+


+----------------------------------------------+
; Port Connectivity Checks: "mux_4to1_2bit:M6" ;
+--------+-------+----------+------------------+
; Port   ; Type  ; Severity ; Details          ;
+--------+-------+----------+------------------+
; in3    ; Input ; Info     ; Stuck at GND     ;
; in0    ; Input ; Info     ; Stuck at VCC     ;
; in1[1] ; Input ; Info     ; Stuck at VCC     ;
; in1[0] ; Input ; Info     ; Stuck at GND     ;
; in2[1] ; Input ; Info     ; Stuck at GND     ;
; in2[0] ; Input ; Info     ; Stuck at VCC     ;
+--------+-------+----------+------------------+


+----------------------------------------------------------------------------------------------------------------+
; Port Connectivity Checks: "alu_32bit:ALU"                                                                      ;
+------+--------+----------+-------------------------------------------------------------------------------------+
; Port ; Type   ; Severity ; Details                                                                             ;
+------+--------+----------+-------------------------------------------------------------------------------------+
; co   ; Output ; Info     ; Connected to dangling logic. Logic that only feeds a dangling port will be removed. ;
+------+--------+----------+-------------------------------------------------------------------------------------+


+----------------------------------------------+
; Port Connectivity Checks: "mux_2to1_5bit:M7" ;
+------+-------+----------+--------------------+
; Port ; Type  ; Severity ; Details            ;
+------+-------+----------+--------------------+
; in1  ; Input ; Info     ; Stuck at VCC       ;
+------+-------+----------+--------------------+


+-------------------------------+
; Elapsed Time Per Partition    ;
+----------------+--------------+
; Partition Name ; Elapsed Time ;
+----------------+--------------+
; Top            ; 00:00:00     ;
+----------------+--------------+


+-------------------------------+
; Analysis & Synthesis Messages ;
+-------------------------------+
Info: *******************************************************************
Info: Running Quartus II 64-Bit Analysis & Synthesis
    Info: Version 13.1.0 Build 162 10/23/2013 SJ Web Edition
    Info: Processing started: Mon Jan 18 06:27:32 2021
Info: Command: quartus_map --read_settings_files=on --write_settings_files=off Mips32 -c Mips32
Info (20030): Parallel compilation is enabled and will use 16 of the 16 processors detected
Info (12021): Found 1 design units, including 1 entities, in source file mux_2to1.v
    Info (12023): Found entity 1: mux_2to1
Info (12021): Found 1 design units, including 1 entities, in source file mux_2to1_testbench.v
    Info (12023): Found entity 1: mux_2to1_testbench
Info (12021): Found 1 design units, including 1 entities, in source file mux_4to1.v
    Info (12023): Found entity 1: mux_4to1
Info (12021): Found 1 design units, including 1 entities, in source file mux_4to1_testbench.v
    Info (12023): Found entity 1: mux_4to1_testbench
Info (12021): Found 1 design units, including 1 entities, in source file mux_4to1_2bit.v
    Info (12023): Found entity 1: mux_4to1_2bit
Info (12021): Found 1 design units, including 1 entities, in source file mux_4to1_2bit_testbench.v
    Info (12023): Found entity 1: mux_4to1_2bit_testbench
Info (12021): Found 1 design units, including 1 entities, in source file mux_2to1_32bit.v
    Info (12023): Found entity 1: mux_2to1_32bit
Info (12021): Found 1 design units, including 1 entities, in source file mux_2to1_32bit_testbench.v
    Info (12023): Found entity 1: mux_2to1_32bit_testbench
Info (12021): Found 1 design units, including 1 entities, in source file zero_extender_30bit.v
    Info (12023): Found entity 1: zero_extender_30bit
Info (12021): Found 1 design units, including 1 entities, in source file zero_extender_30bit_testbench.v
    Info (12023): Found entity 1: zero_extender_30bit_testbench
Info (12021): Found 1 design units, including 1 entities, in source file registers.v
    Info (12023): Found entity 1: registers
Info (12021): Found 1 design units, including 1 entities, in source file registers_testbench.v
    Info (12023): Found entity 1: registers_testbench
Info (12021): Found 1 design units, including 1 entities, in source file sign_extender_16bit.v
    Info (12023): Found entity 1: sign_extender_16bit
Info (12021): Found 1 design units, including 1 entities, in source file sign_extender_16bit_testbench.v
    Info (12023): Found entity 1: sign_extender_16bit_testbench
Info (12021): Found 1 design units, including 1 entities, in source file zero_extender_16bit.v
    Info (12023): Found entity 1: zero_extender_16bit
Info (12021): Found 1 design units, including 1 entities, in source file zero_extender_16bit_testbench.v
    Info (12023): Found entity 1: zero_extender_16bit_testbench
Info (12021): Found 1 design units, including 1 entities, in source file full_adder_1bit.v
    Info (12023): Found entity 1: full_adder_1bit
Info (12021): Found 1 design units, including 1 entities, in source file full_adder_1bit_testbench.v
    Info (12023): Found entity 1: full_adder_1bit_testbench
Info (12021): Found 1 design units, including 1 entities, in source file adder_subtractor_32bit.v
    Info (12023): Found entity 1: adder_subtractor_32bit
Info (12021): Found 1 design units, including 1 entities, in source file adder_subtractor_32bit_testbench.v
    Info (12023): Found entity 1: adder_subtractor_32bit_testbench
Info (12021): Found 1 design units, including 1 entities, in source file compare_with_zero_32bit.v
    Info (12023): Found entity 1: compare_with_zero_32bit
Info (12021): Found 1 design units, including 1 entities, in source file compare_with_zero_32bit_testbench.v
    Info (12023): Found entity 1: compare_with_zero_32bit_testbench
Info (12021): Found 1 design units, including 1 entities, in source file alu_1bit.v
    Info (12023): Found entity 1: alu_1bit
Info (12021): Found 1 design units, including 1 entities, in source file alu_1bit_testbench.v
    Info (12023): Found entity 1: alu_1bit_testbench
Info (12021): Found 1 design units, including 1 entities, in source file alu_32bit.v
    Info (12023): Found entity 1: alu_32bit
Info (12021): Found 1 design units, including 1 entities, in source file alu_32bit_testbench.v
    Info (12023): Found entity 1: alu_32bit_testbench
Info (12021): Found 1 design units, including 1 entities, in source file mux_2to1_5bit.v
    Info (12023): Found entity 1: mux_2to1_5bit
Info (12021): Found 1 design units, including 1 entities, in source file mux_2to1_5bit_testbench.v
    Info (12023): Found entity 1: mux_2to1_5bit_testbench
Info (12021): Found 1 design units, including 1 entities, in source file alu_control.v
    Info (12023): Found entity 1: alu_control
Info (12021): Found 1 design units, including 1 entities, in source file alu_control_testbench.v
    Info (12023): Found entity 1: alu_control_testbench
Info (12021): Found 1 design units, including 1 entities, in source file data_memory_256kb.v
    Info (12023): Found entity 1: data_memory_256KB
Info (12021): Found 1 design units, including 1 entities, in source file data_memory_256kb_testbench.v
    Info (12023): Found entity 1: data_memory_256KB_testbench
Info (12021): Found 1 design units, including 1 entities, in source file instruction_memory.v
    Info (12023): Found entity 1: instruction_memory
Info (12021): Found 1 design units, including 1 entities, in source file mips32.v
    Info (12023): Found entity 1: Mips32
Info (12021): Found 1 design units, including 1 entities, in source file zero_end_extender_16bit.v
    Info (12023): Found entity 1: zero_end_extender_16bit
Info (12021): Found 1 design units, including 1 entities, in source file zero_end_extender_16bit_testbench.v
    Info (12023): Found entity 1: zero_end_extender_16bit_testbench
Info (12021): Found 1 design units, including 1 entities, in source file shift32bit_left_2bit.v
    Info (12023): Found entity 1: shift32bit_left_2bit
Info (12021): Found 1 design units, including 1 entities, in source file shift32bit_left_2bit_testbench.v
    Info (12023): Found entity 1: shift32bit_left_2bit_testbench
Info (12021): Found 1 design units, including 1 entities, in source file j_jal_mux_input.v
    Info (12023): Found entity 1: j_jal_mux_input
Info (12021): Found 1 design units, including 1 entities, in source file j_jal_mux_input_testbench.v
    Info (12023): Found entity 1: j_jal_mux_input_testbench
Info (12021): Found 1 design units, including 1 entities, in source file control_unit.v
    Info (12023): Found entity 1: control_unit
Info (12021): Found 1 design units, including 1 entities, in source file control_unit_testbench.v
    Info (12023): Found entity 1: control_unit_testbench
Info (12021): Found 1 design units, including 1 entities, in source file instruction_memory_testbench.v
    Info (12023): Found entity 1: instruction_memory_testbench
Info (12021): Found 1 design units, including 1 entities, in source file program_counter.v
    Info (12023): Found entity 1: program_counter
Info (12021): Found 1 design units, including 1 entities, in source file program_counter_testbench.v
    Info (12023): Found entity 1: program_counter_testbench
Info (12021): Found 1 design units, including 1 entities, in source file mips32_testbench.v
    Info (12023): Found entity 1: Mips32_testbench
Info (12127): Elaborating entity "Mips32" for the top level hierarchy
Info (12128): Elaborating entity "program_counter" for hierarchy "program_counter:PC"
Info (12128): Elaborating entity "instruction_memory" for hierarchy "instruction_memory:IM"
Warning (10858): Verilog HDL warning at instruction_memory.v(7): object mips_instruction_memory used but never assigned
Warning (10030): Net "mips_instruction_memory" at instruction_memory.v(7) has no driver or initial value, using a default initial value '0'
Info (12128): Elaborating entity "control_unit" for hierarchy "control_unit:CU"
Info (12128): Elaborating entity "mux_2to1_5bit" for hierarchy "mux_2to1_5bit:M2"
Info (12128): Elaborating entity "mux_2to1" for hierarchy "mux_2to1_5bit:M2|mux_2to1:bit4"
Info (12128): Elaborating entity "registers" for hierarchy "registers:REG"
Info (12128): Elaborating entity "sign_extender_16bit" for hierarchy "sign_extender_16bit:SE"
Info (12128): Elaborating entity "alu_control" for hierarchy "alu_control:ALUControl"
Info (12128): Elaborating entity "zero_extender_16bit" for hierarchy "zero_extender_16bit:ZE"
Info (12128): Elaborating entity "mux_2to1_32bit" for hierarchy "mux_2to1_32bit:M8"
Info (12128): Elaborating entity "alu_32bit" for hierarchy "alu_32bit:ALU"
Info (12128): Elaborating entity "alu_1bit" for hierarchy "alu_32bit:ALU|alu_1bit:alu0"
Info (12128): Elaborating entity "mux_4to1" for hierarchy "alu_32bit:ALU|alu_1bit:alu0|mux_4to1:op_select"
Info (12128): Elaborating entity "data_memory_256KB" for hierarchy "data_memory_256KB:DM"
Info (12128): Elaborating entity "compare_with_zero_32bit" for hierarchy "compare_with_zero_32bit:CMP"
Info (12128): Elaborating entity "mux_4to1_2bit" for hierarchy "mux_4to1_2bit:M6"
Info (12128): Elaborating entity "zero_extender_30bit" for hierarchy "zero_extender_30bit:ZE30"
Info (12128): Elaborating entity "zero_end_extender_16bit" for hierarchy "zero_end_extender_16bit:zende"
Info (12128): Elaborating entity "adder_subtractor_32bit" for hierarchy "adder_subtractor_32bit:A0"
Info (12128): Elaborating entity "full_adder_1bit" for hierarchy "adder_subtractor_32bit:A0|full_adder_1bit:bit0o"
Info (12128): Elaborating entity "shift32bit_left_2bit" for hierarchy "shift32bit_left_2bit:SHF"
Info (12128): Elaborating entity "j_jal_mux_input" for hierarchy "j_jal_mux_input:toMux1"
Info (16010): Generating hard_block partition "hard_block:auto_generated_inst"
    Info (16011): Adding 0 node(s), including 0 DDIO, 0 PLL, 0 transceiver and 0 LCELL
Warning (21074): Design contains 1 input pin(s) that do not drive logic
    Warning (15610): No output dependent on input pin "clk"
Info (21057): Implemented 1 device resources after synthesis - the final resource count might be different
    Info (21058): Implemented 1 input pins
    Info (21059): Implemented 0 output pins
Info: Quartus II 64-Bit Analysis & Synthesis was successful. 0 errors, 4 warnings
    Info: Peak virtual memory: 4640 megabytes
    Info: Processing ended: Mon Jan 18 06:27:34 2021
    Info: Elapsed time: 00:00:02
    Info: Total CPU time (on all processors): 00:00:02


